RRRRG XXXXRXXRXXXRXXGXXXXXXXXXXX
RRRRG XXXXRXXRXXXRXXGXXXXXXXXXXX
RRRRG XXXXRXXRXXXRXXGXXXXXXXXXXX
RYGRR XXXRRXXRXXXRXXGXXGXXXXRXXX
RYGRR XXXRRXXRXXXRXXGXXGXXXXRXXX
RRGYR XXXRRXXRXXXRXXGXXGXXXXRXXX
FAILED CARGO
0 1 0.00
HELLO 3 WORLD 2 ERROR 1
GRRRR RGXXRXXXXXXXXXXXXXRRXXXXXX
RRRGR RGXXRXXRXXXGXXRXXXRRXXXXXX
RGYYR RGXYRXXRYXXGXXRXXXRRGXXXXX
RRRRR RGXYRXXRYXXGXXRXXRRRGXXXXX
GGGGG RGXGRXXRGXXGXXRXXRRRGXXXXX
CORRECT 5
1 1 5.00
HELLO 4 ERROR 2 WORLD 2 AUDIO 1 BEAST 1
