RRYRY XXXYYXXXXXXXXXXRXXRXXXXXXX
INVALID
GGGGG GGXGGXXXGXXXXXXRXXRXXXXXXX
CORRECT 2
1 0 2.00
ABIDE 1 SPEED 1
YRYYR XXXRYXXXXXXXXXXRXXYXXXXXXX
YRYYR XXXRYXXXXXXXXXXRXXYXXXXXXX
YRYYR XXXRYXXXXXXXXXXRXXYXXXXXXX
YRYYR XXXRYXXXXXXXXXXRXXYXXXXXXX
YRYYR XXXRYXXXXXXXXXXRXXYXXXXXXX
YRYYR XXXRYXXXXXXXXXXRXXYXXXXXXX
FAILED ERASE
1 1 2.00
SPEED 7 ABIDE 1
GRGRR XXXRGXXXXXXXXXXRXXGXXXXXXX
GGGGG GXXRGXXXXXXGXXXRXXGGXXXXXX
CORRECT 2
2 1 2.00
SPEED 8 ABIDE 1 STEAL 1
RYGYR XXXRGXXXXXXXXXXYXXRXXXXXXX
INVALID
GGGGG XXGRGXXXXXXXXXXGXGRXXXXXXX
CORRECT 2
3 1 2.00
SPEED 9 ABIDE 1 CREPE 1 STEAL 1
GRRGG XXXGGXXXXXXXXXXRXXGXXXXXXX
GGGGG XXXGGXXGGXXXXXXRXXGXXXXXXX
CORRECT 2
4 1 2.00
SPEED 10 ABIDE 1 CREPE 1 SHIED 1 STEAL 1
