RRRYR RXXRXXXXYXXXXXRXXXXXRXXXXX
RYRGR RXXRGXXXYXXRXXRXXXRRRXXXXX
RRGGG RRXRGGXXGXXRXXRXXRRRRXXXXX
GGGGG RRGRGGXGGXXRXXRXXRRRRXXXXX
CORRECT 4
1 0 4.00
AUDIO 1 BRIEF 1 CHIEF 1 TILES 1
YRRRR RXYXRXXXXXXXXRXXXRXXXXXXXX
RYYRR RXYXRXXXYXXXRRRXXRXXXXXXXX
RRGRR RXYXRXXRGXRXRRRXXRXRXXXXXX
YRGGR RXGXRXXRGXRXRRRYXRXRXXXXXX
GGRGR RXGXRXXRGXRXRRRGXRGRXXXXXX
GGGGR RXGXRXXRGXRXRRRGXRGRXXXXXX
FAILED SPICY
1 1 4.00
AUDIO 1 BRIEF 1 CHIEF 1 CRANE 1 MICRO 1
YRRRR YXXRXXXXRXXXXXRXXXXXRXXXXX
GRYYY YXXRRXXXRXXXXXRXXYYGRXXXXX
GGGGG GXXRRXXGRXXXXXRXXGGGRXXXXX
CORRECT 3
2 1 3.50
AUDIO 2 BRIEF 1 CHIEF 1 CRANE 1 MICRO 1
