RYRRY XXXXYXXRXXXRXXYXXXXXXXXXXX
RYRRY RXRXYXXRXXXRXRYXXYXXXXXXXX
GGRGG RXRXGXXRXXXRXRGGXGXXXXRXXX
GGRGG RXRXGXXRXXRRXRGGXGXXXXRXXX
GGGGG RXRXGXXRXXRRXRGGXGGXXXRXXX
CORRECT 5
1 0 5.00
CRANE 1 HELLO 1 POKER 1 POSER 1 POWER 1
INVALID
RRRRR RXRXRXXXXXXXXRXXXRXXXXXXXX
YRRRR RXRXRXXXXXXRXRRYXRRRXXXXXX
GRRRR RXRXRXXGXXXRXRRYXRRRXXXXXX
GRGGG RXRXRXXGXXXRXRRGXRRRXXXXGX
GGGGG RXRXRXXGGXXRXRRGXRRRXXXXGX
CORRECT 5
2 0 5.00
CRANE 2 HELLO 2 HAPPY 1 HIPPY 1 PLOTS 1
RGRRR RXXRRXXXXXXXRXXXXGXXXXXXXX
INVALID
INVALID
RRYRR RXXRRXXXXXXXRXXXXGRRXXXXXX
RGRGG RRXRRXGXRXXXRGXXXGRRXXXXXX
GGRGG RRXRRXGXRXXXRGRXXGRRXXGXXX
GGGGG RRXRRXGXRXXXRGRXXGRRGXGXXX
CORRECT 5
3 0 5.00
CRANE 2 HELLO 2 BRING 1 DREAM 1 HAPPY 1
YRRRR RXYXRXXXXXXXXRXXXRXXXXXXXX
RRYYY RXYXRXXXRXYXXRXXXRYRXXXXXX
RRRRY RXYRRXXXRXYXXRYXXRYRRXXXXX
GRGGG RXGRRXXRRXGXXRGXXRGRRXXXXX
GGGGG RXGRRXXRRXGXGRGXXRGRRXXXXX
CORRECT 5
4 0 5.00
CRANE 3 HELLO 2 AUDIO 1 BRING 1 DREAM 1
RRRRR XXXRXXXXXXXRXXRXXRXXXXRXXX
YRRRR XXXRXXRRRXXRXYRXXRXRXXRXXX
YRRRR YXXRXXRRRXXRXYRXXRXRRXRXXX
RYYYY YXXRYXRRRXXRRYRXXRYRRXRXXX
GGGGG GXXRGXRRRXGRRGRXXRGRRXRXXX
CORRECT 5
5 0 5.00
CRANE 3 AUDIO 2 HELLO 2 BRING 1 DREAM 1
RYRYR RXRXRXXXXXXXXYXXXYXXXXXXXX
RRRRR RXRXRXXRXXXRXYRXXYXXXXXXXX
RRYRR RXRXRXRRXXXRXYRXXYXXXXXXXX
YRRYY RXRXRXRRRXXRXYRXXYYXXXXXXX
GGRGR RXRXRXRRRXXRXYRGXGGRXXXXXX
GGGGG RXRXRXRRRXXRXGRGXGGRGXXXXX
CORRECT 6
6 0 5.17
CRANE 4 HELLO 3 AUDIO 2 BRING 1 CARGO 1
