RRRRY RXRXYXXXXXXXXRXXXRXXXXXXXX
RRRGY RXRXGXXXXXXRXRXXXRYRXXXXXX
GRGGG RXRGGXXRGXXRXRXXXRGRXXXXXX
GGGGG RXRGGXXRGXXRXRXGXRGRXXXXXX
CORRECT 4
7 0 5.00
CRANE 5 HELLO 3 AUDIO 2 BRING 1 CARGO 1
YRRRG RXXXGXXXXXXRXXXXXXYRXXXXXX
RRRRR RXXRGXXXRXXRXXRXXXYRRXXXXX
RRRGG RXXRGXXXRXXRXXRRXRGRRXXXXX
RRGGR RXRRGXXRRXXRXXRRXRGRRXXXXX
GRGYR RXRRGXGRRXXRXRRRXRGRRXXXXX
RRGYR RRRRGXGRRXXRXRRRXRGRRXXXXX
FAILED GEESE
7 1 5.00
CRANE 5 AUDIO 3 HELLO 3 BLEED 1 BRING 1
