RYRRY RXRXYXXXXXXXXRXXXYXXXXXXXX
RRRRR RXRXYRRRRXXXXRXXXYXRXXXXXX
YYRRR RXRXYRRRRXXXXRXXXYXRXXXXXX
RGRGG RXRXGRRRRXXXXRXRXGRRGXXXXX
RGRGG RXRXGRRRRXXXXRXRRGRRGXXXXX
RGRGG RXRXGRRRRXXRXRXRRGRRGXXXXX
FAILED BUYER
0 1 0.00
CRANE 1 FIGHT 1 LURER 1 QUEER 1 REACH 1
RRRRR XXXXRXXXXXXXXXXXXRRXRXXXXX
YRRRG RXYRRXXXXXXXXRXXXRRXRXXXGX
RRRYG RXYRRXXXXXXXRRXXXRRXRXXXGX
RYGRG RXGRRXXXYXRXRRXRXRRXRXXXGX
GGGGG RXGRRXXGGXRXRRXRXRRGRXXXGX
CORRECT 5
1 1 5.00
CANDY 1 CRANE 1 FIGHT 1 ITCHY 1 LURER 1
RRRRR XXXXXXXXXXRXXRRXXXXXXXRXXX
RRGRG GXXXGXXXXXRRXRRXXXRRXXRXXX
RGGRG GXRXGXXXXXRRRRRXXGRRXXRXXX
RGGYG GXRYGXRXXXRRRRRXXGRRXXRXXX
GGGGG GXRGGXRXXXRRRRRGXGRRXXRXXX
CORRECT 5
2 1 5.00
CANDY 1 CRAME 1 CRANE 1 DRAPE 1 FIGHT 1
RRRRR RXRXRXXXXXXXXRXXXRXXXXXXXX
RGRRR RXRXRXXXRXXRXRGXXRRRXXXXXX
RGRYR RRRYRXXXRXXRXRGXXRRRXXXXRX
GGGGG RRRGRXGGRXXRXRGXXRRRGXXXRX
CORRECT 4
3 1 4.67
CRANE 2 BOODY 1 CANDY 1 CRAME 1 DOUGH 1
