YRYRR YXYXXXXRXXXXXXXXXRRXXXXXXX
RGGGG GXGRGXXRXXXXXGXXXRRXXXXXXX
GGGGG GXGRGXXRXXXGXGXXXRRXXXXXXX
CORRECT 3
1 0 3.00
CRASH 1 DANCE 1 LANCE 1
RRRRR RRXXRXXXXXXXXXXXXXRRXXXXXX
RRRRR RRXRRXXXRXXRXXXXXXRRXXXXRX
GRRRR RRGRRXXXRXXRXRXXXRRRXXXXRX
GYRRR RRGRRXXYRXXRXRXXXRRRXXXXRX
GGGGG RRGRRXGGRXXRXRGXXRRRGXXXRX
CORRECT 5
2 0 4.00
BEAST 1 CHARS 1 COUGH 1 CRANE 1 CRASH 1
